projects/amazon-trend-analyzer/qb_chunks/page_150_skip150000.csv
ASIN Buyability Flag,asin_status,CVR%,revenue,asp,units,gv,Images #,Videos #,Has A+ Content,Buybox Winner,Average Rating,Number of Ratings,bb_price,Ad CTR%,Ad CVR%,bsr,brand,Ad CPC$,ASIN (Description),Update Type,Sold By Amazon,Has Coupon?,Has Store Link?,In Stock Today?,category,Sellable On Hand Units,asin,date,Ad Cost,Ad Sales,Ad Clicks,Ad Impressions,Ad Conversions
In Stock,ACTIVE,0.27,51.0,2.99,17.0,63.0,5.0,0.0,True,,4.7,1058.0,2.99,,,49.0,Wet Ones,,B08FXPJFPK (Wet Ones Anti-Bacterial Paw/Tushie Wipe for Dogs - 30 ct pouch),[],True,False,True,True,Grooming,776.0,B08FXPJFPK,2025-09-16,,,,,
In Stock,ACTIVE,0.605,138.0,2.99,46.0,76.0,5.0,0.0,True,,4.7,1058.0,2.99,,,57.0,Wet Ones,,B08FXPJFPK (Wet Ones Anti-Bacterial Paw/Tushie Wipe for Dogs - 30 ct pouch),[],True,False,True,True,Grooming,514.0,B08FXPJFPK,2025-09-15,,,,,
In Stock,ACTIVE,0.8029999999999999,158.0,2.99,53.0,66.0,5.0,0.0,True,,4.7,1058.0,2.99,,,60.0,Wet Ones,,B08FXPJFPK (Wet Ones Anti-Bacterial Paw/Tushie Wipe for Dogs - 30 ct pouch),[],True,False,True,True,Grooming,511.0,B08FXPJFPK,2025-09-14,,,,,
In Stock,ACTIVE,0.7,126.0,2.99,42.0,60.0,5.0,0.0,True,,4.7,1058.0,2.99,,,65.0,Wet Ones,,B08FXPJFPK (Wet Ones Anti-Bacterial Paw/Tushie Wipe for Dogs - 30 ct pouch),[],True,False,True,True,Grooming,542.0,B08FXPJFPK,2025-09-13,,,,,
In Stock,ACTIVE,0.706,72.0,2.99,24.0,34.0,5.0,0.0,True,,4.7,1058.0,2.99,,,64.0,Wet Ones,,B08FXPJFPK (Wet Ones Anti-Bacterial Paw/Tushie Wipe for Dogs - 30 ct pouch),[],True,False,True,True,Grooming,512.0,B08FXPJFPK,2025-09-12,,,,,
In Stock,ACTIVE,1.316,75.0,2.99,25.0,19.0,5.0,0.0,True,,4.7,1058.0,2.99,,,66.0,Wet Ones,,B08FXPJFPK (Wet Ones Anti-Bacterial Paw/Tushie Wipe for Dogs - 30 ct pouch),[],True,False,True,True,Grooming,580.0,B08FXPJFPK,2025-09-11,,,,,
In Stock,ACTIVE,1.077,84.0,2.99,28.0,26.0,5.0,0.0,True,,4.7,1058.0,2.99,,,65.0,Wet Ones,,B08FXPJFPK (Wet Ones Anti-Bacterial Paw/Tushie Wipe for Dogs - 30 ct pouch),[],True,False,True,True,Grooming,554.0,B08FXPJFPK,2025-09-10,,,,,
In Stock,ACTIVE,0.75,36.0,2.99,12.0,16.0,5.0,0.0,True,,4.7,1057.0,2.99,,,69.0,Wet Ones,,B08FXPJFPK (Wet Ones Anti-Bacterial Paw/Tushie Wipe for Dogs - 30 ct pouch),[],True,False,True,True,Grooming,530.0,B08FXPJFPK,2025-09-09,,,,,
In Stock,ACTIVE,2.063,99.0,3.01,33.0,16.0,5.0,0.0,True,,4.7,1056.0,2.99,,,71.0,Wet Ones,,B08FXPJFPK (Wet Ones Anti-Bacterial Paw/Tushie Wipe for Dogs - 30 ct pouch),[],True,False,True,False,Grooming,506.0,B08FXPJFPK,2025-09-08,,,,,
In Stock,ACTIVE,1.103,96.0,2.99,32.0,29.0,5.0,0.0,True,,4.7,1055.0,2.99,,,74.0,Wet Ones,,B08FXPJFPK (Wet Ones Anti-Bacterial Paw/Tushie Wipe for Dogs - 30 ct pouch),[],True,False,True,False,Grooming,398.0,B08FXPJFPK,2025-09-07,,,,,
In Stock,ACTIVE,1.333,49.0,3.06,16.0,12.0,5.0,0.0,True,,4.7,1055.0,2.99,,,73.0,Wet Ones,,B08FXPJFPK (Wet Ones Anti-Bacterial Paw/Tushie Wipe for Dogs - 30 ct pouch),[],True,False,True,False,Grooming,410.0,B08FXPJFPK,2025-09-06,,,,,
In Stock,ACTIVE,1.5,48.0,3.21,15.0,10.0,5.0,0.0,True,,4.7,1054.0,3.29,,,67.0,Wet Ones,,B08FXPJFPK (Wet Ones Anti-Bacterial Paw/Tushie Wipe for Dogs - 30 ct pouch),[],True,False,True,False,Grooming,444.0,B08FXPJFPK,2025-09-05,,,,,
In Stock,ACTIVE,1.286,56.0,3.12,18.0,14.0,5.0,0.0,True,,4.7,1054.0,2.99,,,59.0,Wet Ones,,B08FXPJFPK (Wet Ones Anti-Bacterial Paw/Tushie Wipe for Dogs - 30 ct pouch),[],True,False,True,False,Grooming,446.0,B08FXPJFPK,2025-09-04,,,,,
In Stock,ACTIVE,3.167,57.0,3.02,19.0,6.0,5.0,0.0,True,,4.7,1053.0,2.99,,,61.0,Wet Ones,,B08FXPJFPK (Wet Ones Anti-Bacterial Paw/Tushie Wipe for Dogs - 30 ct pouch),[],True,False,True,False,Grooming,435.0,B08FXPJFPK,2025-09-03,,,,,
In Stock,ACTIVE,3.0,108.0,2.99,36.0,12.0,5.0,0.0,True,,4.7,1053.0,2.99,,,66.0,Wet Ones,,B08FXPJFPK (Wet Ones Anti-Bacterial Paw/Tushie Wipe for Dogs - 30 ct pouch),[],True,False,True,False,Grooming,482.0,B08FXPJFPK,2025-09-02,,,,,
In Stock,ACTIVE,1.0,51.0,2.99,17.0,17.0,5.0,0.0,True,,4.7,1052.0,2.99,,,59.0,Wet Ones,,B08FXPJFPK (Wet Ones Anti-Bacterial Paw/Tushie Wipe for Dogs - 30 ct pouch),[],True,False,True,False,Grooming,487.0,B08FXPJFPK,2025-09-01,,,,,
In Stock,ACTIVE,2.545,84.0,2.99,28.0,11.0,5.0,0.0,True,,4.7,1052.0,2.99,,,56.0,Wet Ones,,B08FXPJFPK (Wet Ones Anti-Bacterial Paw/Tushie Wipe for Dogs - 30 ct pouch),[],True,False,True,False,Grooming,505.0,B08FXPJFPK,2025-08-30,,,,,
In Stock,ACTIVE,1.172,102.0,2.99,34.0,29.0,5.0,0.0,True,,4.7,1052.0,2.99,,,53.0,Wet Ones,,B08FXPJFPK (Wet Ones Anti-Bacterial Paw/Tushie Wipe for Dogs - 30 ct pouch),[],True,True,True,False,Grooming,550.0,B08FXPJFPK,2025-08-29,,,,,
In Stock,ACTIVE,1.321,112.0,3.03,37.0,28.0,5.0,0.0,True,,4.6,1051.0,2.99,,,50.0,Wet Ones,,B08FXPJFPK (Wet Ones Anti-Bacterial Paw/Tushie Wipe for Dogs - 30 ct pouch),[],True,True,True,False,Grooming,584.0,B08FXPJFPK,2025-08-28,,,,,
In Stock,ACTIVE,1.103,129.0,3.0,43.0,39.0,5.0,0.0,True,,4.6,1051.0,3.29,,,48.0,Wet Ones,,B08FXPJFPK (Wet Ones Anti-Bacterial Paw/Tushie Wipe for Dogs - 30 ct pouch),[],True,True,True,False,Grooming,607.0,B08FXPJFPK,2025-08-27,,,,,
In Stock,ACTIVE,0.762,98.0,3.06,32.0,42.0,5.0,0.0,True,,4.6,1050.0,2.99,,,46.0,Wet Ones,,B08FXPJFPK (Wet Ones Anti-Bacterial Paw/Tushie Wipe for Dogs - 30 ct pouch),[],True,True,True,False,Grooming,627.0,B08FXPJFPK,2025-08-26,,,,,
In Stock,ACTIVE,0.9670000000000001,88.0,3.02,29.0,30.0,5.0,0.0,True,,4.6,1050.0,2.99,,,45.0,Wet Ones,,B08FXPJFPK (Wet Ones Anti-Bacterial Paw/Tushie Wipe for Dogs - 30 ct pouch),[],True,True,True,False,Grooming,636.0,B08FXPJFPK,2025-08-25,,,,,
In Stock,ACTIVE,0.722,116.0,2.97,39.0,54.0,5.0,0.0,True,,4.6,1050.0,2.99,,,44.0,Wet Ones,,B08FXPJFPK (Wet Ones Anti-Bacterial Paw/Tushie Wipe for Dogs - 30 ct pouch),[],True,True,True,False,Grooming,666.0,B08FXPJFPK,2025-08-24,,,,,
In Stock,ACTIVE,0.685,112.0,3.04,37.0,54.0,5.0,0.0,True,,4.6,1050.0,2.99,,,45.0,Wet Ones,,B08FXPJFPK (Wet Ones Anti-Bacterial Paw/Tushie Wipe for Dogs - 30 ct pouch),[],True,True,True,False,Grooming,701.0,B08FXPJFPK,2025-08-23,,,,,
In Stock,ACTIVE,1.273,250.0,2.98,84.0,66.0,5.0,0.0,True,,4.6,1050.0,2.99,,,46.0,Wet Ones,,B08FXPJFPK (Wet Ones Anti-Bacterial Paw/Tushie Wipe for Dogs - 30 ct pouch),[],True,True,True,False,Grooming,763.0,B08FXPJFPK,2025-08-22,,,,,
In Stock,ACTIVE,0.5820000000000001,150.0,3.25,46.0,79.0,5.0,0.0,True,,4.6,1050.0,2.99,,,42.0,Wet Ones,,B08FXPJFPK (Wet Ones Anti-Bacterial Paw/Tushie Wipe for Dogs - 30 ct pouch),[],True,True,True,False,Grooming,802.0,B08FXPJFPK,2025-08-21,,,,,
In Stock,ACTIVE,0.561,140.0,3.04,46.0,82.0,5.0,0.0,True,,4.6,1049.0,2.99,,,45.0,Wet Ones,,B08FXPJFPK (Wet Ones Anti-Bacterial Paw/Tushie Wipe for Dogs - 30 ct pouch),[],True,True,True,False,Grooming,846.0,B08FXPJFPK,2025-08-20,,,,,
In Stock,ACTIVE,1.0,214.0,2.86,75.0,75.0,5.0,0.0,True,,4.6,1049.0,2.99,,,44.0,Wet Ones,,B08FXPJFPK (Wet Ones Anti-Bacterial Paw/Tushie Wipe for Dogs - 30 ct pouch),[],True,True,True,False,Grooming,900.0,B08FXPJFPK,2025-08-19,,,,,
In Stock,ACTIVE,0.46,138.0,2.99,46.0,100.0,5.0,0.0,True,,4.6,1049.0,2.99,,,43.0,Wet Ones,,B08FXPJFPK (Wet Ones Anti-Bacterial Paw/Tushie Wipe for Dogs - 30 ct pouch),[],True,True,True,False,Grooming,979.0,B08FXPJFPK,2025-08-18,,,,,
In Stock,ACTIVE,0.66,184.0,2.96,62.0,94.0,5.0,0.0,True,,4.6,1049.0,2.99,,,42.0,Wet Ones,,B08FXPJFPK (Wet Ones Anti-Bacterial Paw/Tushie Wipe for Dogs - 30 ct pouch),[],True,True,True,False,Grooming,960.0,B08FXPJFPK,2025-08-17,,,,,
In Stock,ACTIVE,0.523,167.0,2.99,56.0,107.0,5.0,0.0,True,,4.6,1049.0,2.99,,,44.0,Wet Ones,,B08FXPJFPK (Wet Ones Anti-Bacterial Paw/Tushie Wipe for Dogs - 30 ct pouch),[],True,True,True,False,Grooming,1074.0,B08FXPJFPK,2025-08-16,,,,,
In Stock,ACTIVE,0.604,176.0,3.04,58.0,96.0,5.0,0.0,True,,4.6,1047.0,2.99,,,52.0,Wet Ones,,B08FXPJFPK (Wet Ones Anti-Bacterial Paw/Tushie Wipe for Dogs - 30 ct pouch),[],True,True,True,True,Grooming,1100.0,B08FXPJFPK,2025-08-15,,,,,
In Stock,ACTIVE,1.05,309.0,2.95,105.0,100.0,5.0,0.0,True,,4.6,1047.0,2.99,,,49.0,Wet Ones,,B08FXPJFPK (Wet Ones Anti-Bacterial Paw/Tushie Wipe for Dogs - 30 ct pouch),[],True,True,True,True,Grooming,1043.0,B08FXPJFPK,2025-08-14,,,,,
In Stock,ACTIVE,0.379,99.0,2.99,33.0,87.0,5.0,0.0,True,,4.6,1047.0,2.99,,,44.0,Wet Ones,,B08FXPJFPK (Wet Ones Anti-Bacterial Paw/Tushie Wipe for Dogs - 30 ct pouch),[],True,True,True,True,Grooming,983.0,B08FXPJFPK,2025-08-13,,,,,
In Stock,ACTIVE,0.597,138.0,2.99,46.0,77.0,5.0,0.0,True,,4.6,1047.0,2.99,,,45.0,Wet Ones,,B08FXPJFPK (Wet Ones Anti-Bacterial Paw/Tushie Wipe for Dogs - 30 ct pouch),[],True,True,True,True,Grooming,787.0,B08FXPJFPK,2025-08-12,,,,,
In Stock,ACTIVE,0.674,191.0,2.99,64.0,95.0,5.0,0.0,True,,4.6,1047.0,2.99,,,54.0,Wet Ones,,B08FXPJFPK (Wet Ones Anti-Bacterial Paw/Tushie Wipe for Dogs - 30 ct pouch),[],True,True,True,True,Grooming,629.0,B08FXPJFPK,2025-08-11,,,,,
In Stock,ACTIVE,0.368,200.0,2.99,67.0,182.0,5.0,0.0,True,,4.6,1047.0,2.99,,,52.0,Wet Ones,,B08FXPJFPK (Wet Ones Anti-Bacterial Paw/Tushie Wipe for Dogs - 30 ct pouch),[],True,True,True,True,Grooming,678.0,B08FXPJFPK,2025-08-10,,,,,
In Stock,ACTIVE,0.403,93.0,2.99,31.0,77.0,5.0,0.0,True,,4.6,1047.0,2.99,,,52.0,Wet Ones,,B08FXPJFPK (Wet Ones Anti-Bacterial Paw/Tushie Wipe for Dogs - 30 ct pouch),[],True,True,True,True,Grooming,878.0,B08FXPJFPK,2025-08-09,,,,,
In Stock,ACTIVE,0.595,150.0,2.99,50.0,84.0,5.0,0.0,True,,4.6,1047.0,2.99,,,53.0,Wet Ones,,B08FXPJFPK (Wet Ones Anti-Bacterial Paw/Tushie Wipe for Dogs - 30 ct pouch),[],True,True,True,True,Grooming,605.0,B08FXPJFPK,2025-08-08,,,,,
In Stock,ACTIVE,0.557,132.0,2.99,44.0,79.0,5.0,0.0,True,,4.6,1047.0,2.99,,,50.0,Wet Ones,,B08FXPJFPK (Wet Ones Anti-Bacterial Paw/Tushie Wipe for Dogs - 30 ct pouch),[],True,True,True,True,Grooming,579.0,B08FXPJFPK,2025-08-07,,,,,
In Stock,ACTIVE,0.603,126.0,3.09,41.0,68.0,5.0,0.0,True,,4.6,1047.0,2.99,,,50.0,Wet Ones,,B08FXPJFPK (Wet Ones Anti-Bacterial Paw/Tushie Wipe for Dogs - 30 ct pouch),[],True,True,True,True,Grooming,649.0,B08FXPJFPK,2025-08-06,,,,,
In Stock,ACTIVE,0.458,100.0,3.02,33.0,72.0,5.0,0.0,True,,4.6,1047.0,2.99,,,55.0,Wet Ones,,B08FXPJFPK (Wet Ones Anti-Bacterial Paw/Tushie Wipe for Dogs - 30 ct pouch),[],True,True,True,True,Grooming,408.0,B08FXPJFPK,2025-08-05,,,,,
In Stock,ACTIVE,0.672,130.0,3.02,43.0,64.0,5.0,0.0,True,,4.6,1047.0,2.99,,,57.0,Wet Ones,,B08FXPJFPK (Wet Ones Anti-Bacterial Paw/Tushie Wipe for Dogs - 30 ct pouch),[],True,True,True,True,Grooming,434.0,B08FXPJFPK,2025-08-04,,,,,
In Stock,ACTIVE,0.379,98.0,2.98,33.0,87.0,5.0,0.0,True,,4.6,1047.0,2.99,,,55.0,Wet Ones,,B08FXPJFPK (Wet Ones Anti-Bacterial Paw/Tushie Wipe for Dogs - 30 ct pouch),[],True,True,True,True,Grooming,469.0,B08FXPJFPK,2025-08-03,,,,,
In Stock,ACTIVE,0.339,60.0,2.99,20.0,59.0,5.0,0.0,True,,4.6,1047.0,2.99,,,54.0,Wet Ones,,B08FXPJFPK (Wet Ones Anti-Bacterial Paw/Tushie Wipe for Dogs - 30 ct pouch),[],True,True,True,True,Grooming,528.0,B08FXPJFPK,2025-08-02,,,,,
In Stock,ACTIVE,0.795,98.0,3.15,31.0,39.0,5.0,0.0,True,,4.6,1047.0,2.99,,,58.0,Wet Ones,,B08FXPJFPK (Wet Ones Anti-Bacterial Paw/Tushie Wipe for Dogs - 30 ct pouch),[],True,True,True,True,Grooming,331.0,B08FXPJFPK,2025-08-01,,,,,
In Stock,ACTIVE,1.413,201.0,3.09,65.0,46.0,10.0,0.0,True,,4.6,1046.0,2.99,,,54.0,Wet Ones,,B08FXPJFPK (Wet Ones Anti-Bacterial Paw/Tushie Wipe for Dogs - 30 ct pouch),[],True,True,True,True,Grooming,338.0,B08FXPJFPK,2025-07-31,,,,,
In Stock,ACTIVE,0.909,63.0,3.17,20.0,22.0,5.0,0.0,True,,4.6,1046.0,2.99,,,55.0,Wet Ones,,B08FXPJFPK (Wet Ones Anti-Bacterial Paw/Tushie Wipe for Dogs - 30 ct pouch),[],True,True,True,True,Grooming,313.0,B08FXPJFPK,2025-07-30,,,,,
In Stock,ACTIVE,0.9670000000000001,88.0,3.02,29.0,30.0,0.0,0.0,True,,4.7,1040.0,3.29,,,53.0,Wet Ones,,B08FXPJFPK (Wet Ones Anti-Bacterial Paw/Tushie Wipe for Dogs - 30 ct pouch),[],True,True,True,True,Grooming,702.0,B08FXPJFPK,2025-07-18,,,,,
In Stock,ACTIVE,0.568,77.0,3.06,25.0,44.0,0.0,0.0,True,,4.7,1040.0,2.99,,,54.0,Wet Ones,,B08FXPJFPK (Wet Ones Anti-Bacterial Paw/Tushie Wipe for Dogs - 30 ct pouch),[],True,True,True,True,Grooming,733.0,B08FXPJFPK,2025-07-17,,,,,
In Stock,ACTIVE,1.022,141.0,3.06,46.0,45.0,5.0,0.0,True,,4.7,1037.0,2.99,,,49.0,Wet Ones,,B08FXPJFPK (Wet Ones Anti-Bacterial Paw/Tushie Wipe for Dogs - 30 ct pouch),[],True,True,True,True,Grooming,958.0,B08FXPJFPK,2025-07-11,,,,,
In Stock,ACTIVE,0.459,102.0,2.99,34.0,74.0,5.0,0.0,True,,4.7,1035.0,2.99,,,45.0,Wet Ones,,B08FXPJFPK (Wet Ones Anti-Bacterial Paw/Tushie Wipe for Dogs - 30 ct pouch),[],True,True,True,True,Grooming,1033.0,B08FXPJFPK,2025-07-09,,,,,
In Stock,ACTIVE,0.682,135.0,2.99,45.0,66.0,5.0,0.0,True,,4.7,1029.0,2.99,,,48.0,Wet Ones,,B08FXPJFPK (Wet Ones Anti-Bacterial Paw/Tushie Wipe for Dogs - 30 ct pouch),[],True,True,True,True,Grooming,1219.0,B08FXPJFPK,2025-07-06,,,,,
In Stock,ACTIVE,0.4,78.0,2.99,26.0,65.0,5.0,0.0,True,,4.7,1029.0,2.99,,,41.0,Wet Ones,,B08FXPJFPK (Wet Ones Anti-Bacterial Paw/Tushie Wipe for Dogs - 30 ct pouch),[],True,True,True,True,Grooming,1281.0,B08FXPJFPK,2025-07-03,,,,,
In Stock,ACTIVE,0.691,117.0,3.07,38.0,55.0,5.0,0.0,True,,4.7,1028.0,2.99,,,42.0,Wet Ones,,B08FXPJFPK (Wet Ones Anti-Bacterial Paw/Tushie Wipe for Dogs - 30 ct pouch),[],True,True,True,True,Grooming,1321.0,B08FXPJFPK,2025-07-02,,,,,
In Stock,ACTIVE,0.925,116.0,3.13,37.0,40.0,5.0,0.0,True,,4.7,1021.0,3.29,,,43.0,Wet Ones,,B08FXPJFPK (Wet Ones Anti-Bacterial Paw/Tushie Wipe for Dogs - 30 ct pouch),[],True,True,True,True,Grooming,1523.0,B08FXPJFPK,2025-06-27,,,,,
In Stock,ACTIVE,0.6829999999999999,133.0,3.09,43.0,63.0,5.0,0.0,True,,4.7,1021.0,3.29,,,41.0,Wet Ones,,B08FXPJFPK (Wet Ones Anti-Bacterial Paw/Tushie Wipe for Dogs - 30 ct pouch),[],True,True,True,True,Grooming,1553.0,B08FXPJFPK,2025-06-26,,,,,
In Stock,ACTIVE,0.556,107.0,3.06,35.0,63.0,5.0,2.0,True,,4.7,1021.0,2.99,,,41.0,Wet Ones,,B08FXPJFPK (Wet Ones Anti-Bacterial Paw/Tushie Wipe for Dogs - 30 ct pouch),[],True,True,True,True,Grooming,1594.0,B08FXPJFPK,2025-06-25,,,,,
In Stock,ACTIVE,0.583,107.0,3.05,35.0,60.0,5.0,2.0,True,,4.6,1015.0,2.99,,,40.0,Wet Ones,,B08FXPJFPK (Wet Ones Anti-Bacterial Paw/Tushie Wipe for Dogs - 30 ct pouch),[],True,True,True,True,Grooming,1869.0,B08FXPJFPK,2025-06-18,,,,,
In Stock,ACTIVE,0.855,162.0,3.05,53.0,62.0,5.0,2.0,True,,4.6,1013.0,2.99,,,43.0,Wet Ones,,B08FXPJFPK (Wet Ones Anti-Bacterial Paw/Tushie Wipe for Dogs - 30 ct pouch),[],True,True,True,True,Grooming,1880.0,B08FXPJFPK,2025-06-17,,,,,
In Stock,ACTIVE,0.9390000000000001,141.0,3.06,46.0,49.0,5.0,2.0,True,,4.7,1008.0,2.99,,,44.0,Wet Ones,,B08FXPJFPK (Wet Ones Anti-Bacterial Paw/Tushie Wipe for Dogs - 30 ct pouch),[],True,True,True,True,Grooming,2021.0,B08FXPJFPK,2025-06-14,,,,,
In Stock,ACTIVE,0.5710000000000001,99.0,3.08,32.0,56.0,5.0,2.0,True,,4.7,1007.0,2.99,,,43.0,Wet Ones,,B08FXPJFPK (Wet Ones Anti-Bacterial Paw/Tushie Wipe for Dogs - 30 ct pouch),[],True,True,True,True,Grooming,2045.0,B08FXPJFPK,2025-06-13,,,,,
In Stock,ACTIVE,1.27,141.0,3.01,47.0,37.0,5.0,2.0,True,,4.7,1004.0,2.99,,,44.0,Wet Ones,,B08FXPJFPK (Wet Ones Anti-Bacterial Paw/Tushie Wipe for Dogs - 30 ct pouch),[],True,True,True,True,Grooming,2135.0,B08FXPJFPK,2025-06-11,,,,,
In Stock,ACTIVE,0.5710000000000001,85.0,3.03,28.0,49.0,5.0,2.0,True,,4.7,1002.0,3.29,,,45.0,Wet Ones,,B08FXPJFPK (Wet Ones Anti-Bacterial Paw/Tushie Wipe for Dogs - 30 ct pouch),[],True,True,True,True,Grooming,2311.0,B08FXPJFPK,2025-06-06,,,,,
In Stock,ACTIVE,0.8390000000000001,145.0,3.08,47.0,56.0,5.0,2.0,True,,4.7,1002.0,3.29,,,44.0,Wet Ones,,B08FXPJFPK (Wet Ones Anti-Bacterial Paw/Tushie Wipe for Dogs - 30 ct pouch),[],True,True,True,True,Grooming,2348.0,B08FXPJFPK,2025-06-05,,,,,
In Stock,ACTIVE,0.674,96.0,3.11,31.0,46.0,5.0,2.0,True,,4.7,1000.0,2.99,,,47.0,Wet Ones,,B08FXPJFPK (Wet Ones Anti-Bacterial Paw/Tushie Wipe for Dogs - 30 ct pouch),[],True,True,True,True,Grooming,2645.0,B08FXPJFPK,2025-05-19,,,,,
In Stock,ACTIVE,,,,,,11.0,0.0,True,,4.4,14614.0,19.98,0.002004008016032064,0.0,5.0,Glad for Pets,2.88,"B08FXQJCJ7 (Glad for Pets Jumbo Activated Carbon Training Pads, 50 Count)",[],True,True,True,True,Waste Management,,B08FXQJCJ7,2026-05-15,2.88,0.0,1.0,499.0,0.0
In Stock,ACTIVE,,2805.0,20.03,140.0,,11.0,0.0,True,,4.4,14618.0,19.98,0.00984251968503937,0.2,5.0,Glad for Pets,4.874,"B08FXQJCJ7 (Glad for Pets Jumbo Activated Carbon Training Pads, 50 Count)",[],True,True,True,True,Waste Management,,B08FXQJCJ7,2026-05-14,24.37,8.99,5.0,508.0,1.0
In Stock,ACTIVE,,2937.0,19.98,147.0,,11.0,0.0,True,,4.4,14619.0,19.98,0.0,,4.0,Glad for Pets,,"B08FXQJCJ7 (Glad for Pets Jumbo Activated Carbon Training Pads, 50 Count)",[],True,True,True,True,Waste Management,,B08FXQJCJ7,2026-05-13,0.0,0.0,0.0,331.0,0.0
In Stock,ACTIVE,,2997.0,19.98,150.0,,11.0,0.0,True,,4.4,14624.0,19.98,0.004424778761061947,0.0,4.0,Glad for Pets,5.03,"B08FXQJCJ7 (Glad for Pets Jumbo Activated Carbon Training Pads, 50 Count)",[],True,True,True,True,Waste Management,,B08FXQJCJ7,2026-05-12,5.03,0.0,1.0,226.0,0.0
In Stock,ACTIVE,0.5660000000000001,2557.0,19.98,128.0,226.0,11.0,0.0,True,,4.4,14625.0,19.98,0.009876543209876543,0.25,4.0,Glad for Pets,3.0625,"B08FXQJCJ7 (Glad for Pets Jumbo Activated Carbon Training Pads, 50 Count)",[],True,True,True,True,Waste Management,8252.0,B08FXQJCJ7,2026-05-11,12.25,19.98,4.0,405.0,1.0
In Stock,ACTIVE,0.5,2837.0,19.98,142.0,284.0,11.0,0.0,True,,4.4,14625.0,19.98,0.0235042735042735,0.1818181818181818,4.0,Glad for Pets,3.087272727272727,"B08FXQJCJ7 (Glad for Pets Jumbo Activated Carbon Training Pads, 50 Count)",[],True,True,True,True,Waste Management,11348.0,B08FXQJCJ7,2026-05-10,33.96,37.86,11.0,468.0,2.0
In Stock,ACTIVE,0.483,2884.0,20.03,144.0,298.0,11.0,0.0,True,,4.4,14625.0,19.98,0.0218978102189781,0.5833333333333334,4.0,Glad for Pets,2.110833333333333,"B08FXQJCJ7 (Glad for Pets Jumbo Activated Carbon Training Pads, 50 Count)",[],True,True,True,True,Waste Management,7030.0,B08FXQJCJ7,2026-05-09,25.33,114.87,12.0,548.0,7.0
