projects/amazon-trend-analyzer/qb_chunks/page_150_skip150000.csv
ASIN Buyability Flag,asin_status,CVR%,revenue,asp,units,gv,Images #,Videos #,Has A+ Content,Buybox Winner,Average Rating,Number of Ratings,bb_price,Ad CTR%,Ad CVR%,bsr,brand,Ad CPC$,ASIN (Description),Update Type,Sold By Amazon,Has Coupon?,Has Store Link?,In Stock Today?,category,Sellable On Hand Units,asin,date,Ad Cost,Ad Sales,Ad Clicks,Ad Impressions,Ad Conversions
In Stock,ACTIVE,0.4429999999999999,2617.0,19.98,131.0,296.0,11.0,0.0,True,,4.4,14625.0,19.98,0.03008849557522124,0.1176470588235294,4.0,Glad for Pets,2.351176470588236,"B08FXQJCJ7 (Glad for Pets Jumbo Activated Carbon Training Pads, 50 Count)",[],True,True,True,True,Waste Management,6941.0,B08FXQJCJ7,2026-05-08,39.97000000000001,26.2,17.0,565.0,2.0
In Stock,ACTIVE,0.521,3164.0,20.03,158.0,303.0,11.0,0.0,True,,4.4,14624.0,19.98,0.005291005291005291,0.0,4.0,Glad for Pets,3.27,"B08FXQJCJ7 (Glad for Pets Jumbo Activated Carbon Training Pads, 50 Count)",[],True,True,True,True,Waste Management,7118.0,B08FXQJCJ7,2026-05-07,6.54,0.0,2.0,378.0,0.0
In Stock,ACTIVE,0.617,3636.0,19.98,182.0,295.0,11.0,0.0,True,,4.4,14624.0,19.98,0.002212389380530973,0.0,4.0,Glad for Pets,4.38,"B08FXQJCJ7 (Glad for Pets Jumbo Activated Carbon Training Pads, 50 Count)",[],True,True,True,True,Waste Management,7191.0,B08FXQJCJ7,2026-05-06,4.38,0.0,1.0,452.0,0.0
In Stock,ACTIVE,0.415,2358.0,19.98,118.0,284.0,11.0,0.0,True,,4.4,14625.0,19.98,0.0053475935828877,0.0,4.0,Glad for Pets,4.705,"B08FXQJCJ7 (Glad for Pets Jumbo Activated Carbon Training Pads, 50 Count)",[],True,True,True,True,Waste Management,6627.0,B08FXQJCJ7,2026-05-05,9.41,0.0,2.0,374.0,0.0
In Stock,ACTIVE,0.506,2657.0,19.98,133.0,263.0,11.0,0.0,True,,4.4,14626.0,19.98,0.002141327623126338,0.0,4.0,Glad for Pets,5.77,"B08FXQJCJ7 (Glad for Pets Jumbo Activated Carbon Training Pads, 50 Count)",[],True,True,True,True,Waste Management,6265.0,B08FXQJCJ7,2026-05-04,5.77,0.0,1.0,467.0,0.0
In Stock,ACTIVE,0.472,2857.0,19.98,143.0,303.0,11.0,0.0,True,,4.4,14626.0,19.98,0.002066115702479339,0.0,4.0,Glad for Pets,4.82,"B08FXQJCJ7 (Glad for Pets Jumbo Activated Carbon Training Pads, 50 Count)",[],True,True,True,True,Waste Management,6274.0,B08FXQJCJ7,2026-05-03,4.82,0.0,1.0,484.0,0.0
In Stock,ACTIVE,0.495,2977.0,19.98,149.0,301.0,11.0,0.0,True,,4.4,14626.0,19.98,0.0106951871657754,0.25,4.0,Glad for Pets,4.637499999999999,"B08FXQJCJ7 (Glad for Pets Jumbo Activated Carbon Training Pads, 50 Count)",[],True,True,True,True,Waste Management,4648.0,B08FXQJCJ7,2026-05-02,18.55,13.99,4.0,374.0,1.0
In Stock,ACTIVE,0.5379999999999999,3377.0,19.98,169.0,314.0,11.0,0.0,True,,4.4,14627.0,19.98,0.002074688796680498,1.0,4.0,Glad for Pets,7.28,"B08FXQJCJ7 (Glad for Pets Jumbo Activated Carbon Training Pads, 50 Count)",[],True,True,True,True,Waste Management,3659.0,B08FXQJCJ7,2026-05-01,7.28,19.98,1.0,482.0,1.0
In Stock,ACTIVE,0.479,2517.0,19.98,126.0,263.0,11.0,0.0,True,,4.4,14628.0,19.98,0.00851063829787234,0.0,4.0,Glad for Pets,4.09,"B08FXQJCJ7 (Glad for Pets Jumbo Activated Carbon Training Pads, 50 Count)",[],True,True,True,True,Waste Management,3740.0,B08FXQJCJ7,2026-04-30,8.18,0.0,2.0,235.0,0.0
In Stock,ACTIVE,0.55,3317.0,19.98,166.0,302.0,11.0,0.0,True,,4.4,14629.0,19.98,0.01567398119122257,0.4,4.0,Glad for Pets,6.606,"B08FXQJCJ7 (Glad for Pets Jumbo Activated Carbon Training Pads, 50 Count)",[],True,True,True,True,Waste Management,3003.0,B08FXQJCJ7,2026-04-29,33.03,66.84,5.0,319.0,2.0
In Stock,ACTIVE,0.519,2684.0,20.03,134.0,258.0,11.0,0.0,True,,4.4,14630.0,19.98,0.004830917874396135,0.5,4.0,Glad for Pets,5.7,"B08FXQJCJ7 (Glad for Pets Jumbo Activated Carbon Training Pads, 50 Count)",[],True,True,True,True,Waste Management,3546.0,B08FXQJCJ7,2026-04-28,11.4,19.98,2.0,414.0,1.0
In Stock,ACTIVE,0.462,2897.0,19.98,145.0,314.0,11.0,0.0,True,,4.4,14633.0,19.98,0.007352941176470588,0.0,4.0,Glad for Pets,4.466666666666667,"B08FXQJCJ7 (Glad for Pets Jumbo Activated Carbon Training Pads, 50 Count)",[],True,True,True,True,Waste Management,3525.0,B08FXQJCJ7,2026-04-27,13.4,0.0,3.0,408.0,0.0
In Stock,ACTIVE,0.475,2837.0,19.98,142.0,299.0,11.0,0.0,True,,4.4,14631.0,19.98,0.003154574132492113,0.0,4.0,Glad for Pets,4.56,"B08FXQJCJ7 (Glad for Pets Jumbo Activated Carbon Training Pads, 50 Count)",[],True,True,True,True,Waste Management,2977.0,B08FXQJCJ7,2026-04-26,4.56,0.0,1.0,317.0,0.0
In Stock,ACTIVE,0.517,2677.0,19.98,134.0,259.0,11.0,0.0,True,,4.4,14631.0,19.98,0.0,,4.0,Glad for Pets,,"B08FXQJCJ7 (Glad for Pets Jumbo Activated Carbon Training Pads, 50 Count)",[],True,True,True,True,Waste Management,2813.0,B08FXQJCJ7,2026-04-25,0.0,0.0,0.0,215.0,0.0
In Stock,ACTIVE,0.7490000000000001,3456.0,19.98,173.0,231.0,11.0,0.0,True,,4.4,14631.0,19.98,0.006644518272425249,0.0,4.0,Glad for Pets,4.62,"B08FXQJCJ7 (Glad for Pets Jumbo Activated Carbon Training Pads, 50 Count)",[],True,True,True,True,Waste Management,2688.0,B08FXQJCJ7,2026-04-24,9.24,0.0,2.0,301.0,0.0
In Stock,ACTIVE,0.471,2278.0,19.98,114.0,242.0,11.0,0.0,True,,4.4,14632.0,19.98,0.009195402298850575,0.25,4.0,Glad for Pets,4.1975,"B08FXQJCJ7 (Glad for Pets Jumbo Activated Carbon Training Pads, 50 Count)",[],True,True,True,True,Waste Management,3422.0,B08FXQJCJ7,2026-04-23,16.79,13.99,4.0,435.0,1.0
In Stock,ACTIVE,0.5770000000000001,3144.0,20.03,157.0,272.0,11.0,0.0,True,,4.4,14632.0,19.98,0.007352941176470588,0.2,4.0,Glad for Pets,5.556,"B08FXQJCJ7 (Glad for Pets Jumbo Activated Carbon Training Pads, 50 Count)",[],True,True,True,True,Waste Management,7000.0,B08FXQJCJ7,2026-04-22,27.78,14.97,5.0,680.0,1.0
In Stock,ACTIVE,0.493,2877.0,19.98,144.0,292.0,11.0,0.0,True,,4.4,14632.0,19.98,0.008635578583765112,0.0,4.0,Glad for Pets,6.382,"B08FXQJCJ7 (Glad for Pets Jumbo Activated Carbon Training Pads, 50 Count)",[],True,True,True,True,Waste Management,2980.0,B08FXQJCJ7,2026-04-21,31.91,0.0,5.0,579.0,0.0
In Stock,ACTIVE,0.434,2497.0,19.98,125.0,288.0,11.0,0.0,True,,4.4,14631.0,19.98,0.008038585209003215,0.2,4.0,Glad for Pets,6.702,"B08FXQJCJ7 (Glad for Pets Jumbo Activated Carbon Training Pads, 50 Count)",[],True,True,True,True,Waste Management,3186.0,B08FXQJCJ7,2026-04-20,33.51,19.98,5.0,622.0,1.0
In Stock,ACTIVE,0.502,3206.0,19.91,161.0,321.0,11.0,0.0,True,,4.4,14631.0,19.98,0.0,,4.0,Glad for Pets,,"B08FXQJCJ7 (Glad for Pets Jumbo Activated Carbon Training Pads, 50 Count)",[],True,True,True,True,Waste Management,3345.0,B08FXQJCJ7,2026-04-19,0.0,0.0,0.0,224.0,0.0
In Stock,ACTIVE,0.544,3046.0,19.91,153.0,281.0,11.0,0.0,True,,4.4,14629.0,19.98,0.003225806451612903,0.0,4.0,Glad for Pets,2.8,"B08FXQJCJ7 (Glad for Pets Jumbo Activated Carbon Training Pads, 50 Count)",[],True,True,True,True,Waste Management,2745.0,B08FXQJCJ7,2026-04-18,2.8,0.0,1.0,310.0,0.0
In Stock,ACTIVE,0.622,3112.0,19.95,156.0,251.0,11.0,0.0,True,,4.4,14630.0,19.98,0.01418439716312057,0.0,4.0,Glad for Pets,4.815,"B08FXQJCJ7 (Glad for Pets Jumbo Activated Carbon Training Pads, 50 Count)",[],True,True,True,True,Waste Management,2949.0,B08FXQJCJ7,2026-04-17,19.26,0.0,4.0,282.0,0.0
In Stock,ACTIVE,0.503,3231.0,19.95,162.0,322.0,11.0,0.0,True,,4.4,14631.0,19.98,0.0,,4.0,Glad for Pets,,"B08FXQJCJ7 (Glad for Pets Jumbo Activated Carbon Training Pads, 50 Count)",[],True,True,True,True,Waste Management,3108.0,B08FXQJCJ7,2026-04-16,0.0,0.0,0.0,419.0,0.0
In Stock,ACTIVE,0.578,3360.0,19.76,170.0,294.0,11.0,0.0,True,,4.4,14630.0,19.98,0.008771929824561403,0.0,4.0,Glad for Pets,3.995,"B08FXQJCJ7 (Glad for Pets Jumbo Activated Carbon Training Pads, 50 Count)",[],True,True,True,True,Waste Management,3128.0,B08FXQJCJ7,2026-04-15,7.99,0.0,2.0,228.0,0.0
In Stock,ACTIVE,0.448,2398.0,19.98,120.0,268.0,11.0,0.0,True,,4.4,14628.0,19.98,0.0125,0.0,4.0,Glad for Pets,3.696666666666667,"B08FXQJCJ7 (Glad for Pets Jumbo Activated Carbon Training Pads, 50 Count)",[],True,True,True,True,Waste Management,2913.0,B08FXQJCJ7,2026-04-14,11.09,0.0,3.0,240.0,0.0
In Stock,ACTIVE,0.5670000000000001,2857.0,19.98,143.0,252.0,11.0,0.0,True,,4.4,14628.0,19.98,0.02040816326530612,0.2,4.0,Glad for Pets,4.747999999999999,"B08FXQJCJ7 (Glad for Pets Jumbo Activated Carbon Training Pads, 50 Count)",[],True,True,True,True,Waste Management,3008.0,B08FXQJCJ7,2026-04-13,23.74,19.98,5.0,245.0,1.0
In Stock,ACTIVE,0.476,2817.0,19.98,141.0,296.0,11.0,0.0,True,,4.4,14628.0,19.98,0.00980392156862745,0.3333333333333333,4.0,Glad for Pets,4.053333333333334,"B08FXQJCJ7 (Glad for Pets Jumbo Activated Carbon Training Pads, 50 Count)",[],True,True,True,True,Waste Management,2961.0,B08FXQJCJ7,2026-04-12,12.16,39.96,3.0,306.0,1.0
In Stock,ACTIVE,0.569,2717.0,19.98,136.0,239.0,11.0,0.0,True,,4.4,14628.0,19.98,0.008771929824561403,0.0,4.0,Glad for Pets,4.633333333333334,"B08FXQJCJ7 (Glad for Pets Jumbo Activated Carbon Training Pads, 50 Count)",[],True,True,True,True,Waste Management,0.0,B08FXQJCJ7,2026-04-11,13.9,0.0,3.0,342.0,0.0
In Stock,ACTIVE,0.611,2757.0,19.98,138.0,226.0,11.0,0.0,True,,4.4,14628.0,19.98,0.0,,4.0,Glad for Pets,,"B08FXQJCJ7 (Glad for Pets Jumbo Activated Carbon Training Pads, 50 Count)",[],True,True,True,True,Waste Management,3345.0,B08FXQJCJ7,2026-04-10,0.0,0.0,0.0,180.0,0.0
In Stock,ACTIVE,0.562,2640.0,20.15,131.0,233.0,11.0,0.0,True,,4.4,14629.0,19.98,0.0,,4.0,Glad for Pets,,"B08FXQJCJ7 (Glad for Pets Jumbo Activated Carbon Training Pads, 50 Count)",[],True,True,True,True,Waste Management,2999.0,B08FXQJCJ7,2026-04-09,0.0,0.0,0.0,153.0,0.0
In Stock,ACTIVE,0.647,3476.0,20.21,172.0,266.0,11.0,0.0,True,,4.4,14628.0,19.98,0.01863354037267081,0.3333333333333333,4.0,Glad for Pets,2.45,"B08FXQJCJ7 (Glad for Pets Jumbo Activated Carbon Training Pads, 50 Count)",[],True,True,True,True,Waste Management,2895.0,B08FXQJCJ7,2026-04-08,14.7,34.95,6.0,322.0,2.0
In Stock,ACTIVE,0.455,2118.0,19.98,106.0,233.0,11.0,0.0,True,,4.4,14628.0,19.98,0.006060606060606061,0.0,4.0,Glad for Pets,7.32,"B08FXQJCJ7 (Glad for Pets Jumbo Activated Carbon Training Pads, 50 Count)",[],True,True,True,True,Waste Management,2794.0,B08FXQJCJ7,2026-04-07,14.64,0.0,2.0,330.0,0.0
In Stock,ACTIVE,0.513,2005.0,20.05,100.0,195.0,11.0,0.0,True,,4.4,14627.0,19.98,0.003623188405797101,0.0,4.0,Glad for Pets,5.25,"B08FXQJCJ7 (Glad for Pets Jumbo Activated Carbon Training Pads, 50 Count)",[],True,True,True,True,Waste Management,2999.0,B08FXQJCJ7,2026-04-06,5.25,0.0,1.0,276.0,0.0
In Stock,ACTIVE,0.7759999999999999,1176.0,19.93,59.0,76.0,11.0,0.0,True,,4.4,14627.0,19.98,0.0,,4.0,Glad for Pets,,"B08FXQJCJ7 (Glad for Pets Jumbo Activated Carbon Training Pads, 50 Count)",[],True,True,True,True,Waste Management,3073.0,B08FXQJCJ7,2026-04-05,0.0,0.0,0.0,1.0,0.0
In Stock,ACTIVE,0.973,1419.0,19.98,71.0,73.0,11.0,0.0,True,,4.4,14628.0,19.98,0.0,,4.0,Glad for Pets,,"B08FXQJCJ7 (Glad for Pets Jumbo Activated Carbon Training Pads, 50 Count)",[],True,True,True,True,Waste Management,3175.0,B08FXQJCJ7,2026-04-04,0.0,0.0,0.0,4.0,0.0
In Stock,ACTIVE,1.164,1555.0,19.94,78.0,67.0,11.0,0.0,True,,4.4,14627.0,19.98,0.0,,4.0,Glad for Pets,,"B08FXQJCJ7 (Glad for Pets Jumbo Activated Carbon Training Pads, 50 Count)",[],True,True,True,True,Waste Management,2970.0,B08FXQJCJ7,2026-04-03,0.0,0.0,0.0,6.0,0.0
In Stock,ACTIVE,0.63,2171.0,19.92,109.0,173.0,11.0,0.0,True,,4.4,14627.0,19.98,0.005291005291005291,0.0,4.0,Glad for Pets,5.75,"B08FXQJCJ7 (Glad for Pets Jumbo Activated Carbon Training Pads, 50 Count)",[],True,True,True,True,Waste Management,2974.0,B08FXQJCJ7,2026-04-02,5.75,0.0,1.0,189.0,0.0
In Stock,ACTIVE,0.605,3214.0,19.96,161.0,266.0,11.0,0.0,True,,4.4,14626.0,19.98,0.01016949152542373,0.1666666666666667,3.0,Glad for Pets,4.81,"B08FXQJCJ7 (Glad for Pets Jumbo Activated Carbon Training Pads, 50 Count)",[],True,True,True,True,Waste Management,2595.0,B08FXQJCJ7,2026-04-01,28.86,19.98,6.0,590.0,1.0
In Stock,ACTIVE,0.611,3011.0,19.94,151.0,247.0,11.0,0.0,True,,4.4,14626.0,19.98,0.006944444444444444,0.0,3.0,Glad for Pets,4.565,"B08FXQJCJ7 (Glad for Pets Jumbo Activated Carbon Training Pads, 50 Count)",[],True,True,True,True,Waste Management,2440.0,B08FXQJCJ7,2026-03-31,9.13,0.0,2.0,288.0,0.0
In Stock,ACTIVE,0.504,2764.0,20.03,138.0,274.0,11.0,0.0,True,,4.4,14626.0,19.98,0.005970149253731343,0.0,3.0,Glad for Pets,5.25,"B08FXQJCJ7 (Glad for Pets Jumbo Activated Carbon Training Pads, 50 Count)",[],True,True,True,True,Waste Management,2587.0,B08FXQJCJ7,2026-03-30,10.5,0.0,2.0,335.0,0.0
In Stock,ACTIVE,0.446,2510.0,20.08,125.0,280.0,11.0,0.0,True,,4.4,14627.0,19.98,0.009615384615384616,0.0,4.0,Glad for Pets,5.686666666666667,"B08FXQJCJ7 (Glad for Pets Jumbo Activated Carbon Training Pads, 50 Count)",[],True,True,True,True,Waste Management,2796.0,B08FXQJCJ7,2026-03-29,17.06,0.0,3.0,312.0,0.0
In Stock,ACTIVE,0.528,2816.0,19.97,141.0,267.0,11.0,0.0,True,,4.4,14626.0,19.98,0.006006006006006006,0.0,4.0,Glad for Pets,5.18,"B08FXQJCJ7 (Glad for Pets Jumbo Activated Carbon Training Pads, 50 Count)",[],True,True,True,True,Waste Management,2382.0,B08FXQJCJ7,2026-03-28,10.36,0.0,2.0,333.0,0.0
In Stock,ACTIVE,0.463,2517.0,19.98,126.0,272.0,11.0,0.0,True,,4.4,14625.0,19.98,0.01337792642140468,0.0,4.0,Glad for Pets,3.945,"B08FXQJCJ7 (Glad for Pets Jumbo Activated Carbon Training Pads, 50 Count)",[],True,True,True,True,Waste Management,2385.0,B08FXQJCJ7,2026-03-27,15.78,0.0,4.0,299.0,0.0
In Stock,ACTIVE,0.58,2756.0,19.97,138.0,238.0,11.0,0.0,True,,4.4,14626.0,17.24,0.01194029850746269,0.5,5.0,Glad for Pets,3.7925,"B08FXQJCJ7 (Glad for Pets Jumbo Activated Carbon Training Pads, 50 Count)",[],True,False,True,True,Waste Management,2552.0,B08FXQJCJ7,2026-03-26,15.17,50.35,4.0,335.0,2.0
In Stock,ACTIVE,0.547,2577.0,19.98,129.0,236.0,11.0,0.0,True,,4.4,14625.0,19.98,0.003717472118959108,1.0,4.0,Glad for Pets,5.31,"B08FXQJCJ7 (Glad for Pets Jumbo Activated Carbon Training Pads, 50 Count)",[],True,True,True,True,Waste Management,2651.0,B08FXQJCJ7,2026-03-25,5.31,19.98,1.0,269.0,1.0
In Stock,ACTIVE,0.475,2469.0,19.92,124.0,261.0,11.0,0.0,True,,4.4,14625.0,19.98,0.013215859030837,0.0,5.0,Glad for Pets,2.536666666666667,"B08FXQJCJ7 (Glad for Pets Jumbo Activated Carbon Training Pads, 50 Count)",[],True,True,True,True,Waste Management,2490.0,B08FXQJCJ7,2026-03-24,7.61,0.0,3.0,227.0,0.0
In Stock,ACTIVE,0.488,2423.0,20.03,121.0,248.0,11.0,0.0,True,,4.4,14624.0,19.98,0.01520912547528517,0.5,5.0,Glad for Pets,4.6575,"B08FXQJCJ7 (Glad for Pets Jumbo Activated Carbon Training Pads, 50 Count)",[],True,True,True,True,Waste Management,2007.0,B08FXQJCJ7,2026-03-23,18.63,46.22,4.0,263.0,2.0
In Stock,ACTIVE,0.5539999999999999,3636.0,20.09,181.0,327.0,11.0,0.0,True,,4.4,14623.0,19.98,0.005420054200542005,0.0,4.0,Glad for Pets,3.89,"B08FXQJCJ7 (Glad for Pets Jumbo Activated Carbon Training Pads, 50 Count)",[],True,True,True,True,Waste Management,2094.0,B08FXQJCJ7,2026-03-22,7.78,0.0,2.0,369.0,0.0
In Stock,ACTIVE,0.509,2703.0,20.02,135.0,265.0,11.0,0.0,True,,4.4,14622.0,19.98,0.01655629139072848,0.2,4.0,Glad for Pets,3.38,"B08FXQJCJ7 (Glad for Pets Jumbo Activated Carbon Training Pads, 50 Count)",[],True,True,True,True,Waste Management,2526.0,B08FXQJCJ7,2026-03-21,16.9,26.88,5.0,302.0,1.0
In Stock,ACTIVE,0.545,2911.0,20.08,145.0,266.0,11.0,0.0,True,,4.4,14623.0,19.98,0.002544529262086514,0.0,4.0,Glad for Pets,3.27,"B08FXQJCJ7 (Glad for Pets Jumbo Activated Carbon Training Pads, 50 Count)",[],True,True,True,True,Waste Management,2139.0,B08FXQJCJ7,2026-03-20,3.27,0.0,1.0,393.0,0.0
In Stock,ACTIVE,0.541,2616.0,19.82,132.0,244.0,11.0,0.0,True,,4.4,14625.0,19.98,0.01259445843828715,0.4,4.0,Glad for Pets,4.034000000000001,"B08FXQJCJ7 (Glad for Pets Jumbo Activated Carbon Training Pads, 50 Count)",[],True,True,True,True,Waste Management,2478.0,B08FXQJCJ7,2026-03-19,20.17,39.96,5.0,397.0,2.0
In Stock,ACTIVE,0.473,2768.0,19.63,141.0,298.0,11.0,0.0,True,,4.4,14626.0,19.98,0.002347417840375587,0.0,4.0,Glad for Pets,5.25,"B08FXQJCJ7 (Glad for Pets Jumbo Activated Carbon Training Pads, 50 Count)",[],True,True,True,True,Waste Management,2150.0,B08FXQJCJ7,2026-03-18,5.25,0.0,1.0,426.0,0.0
In Stock,ACTIVE,0.544,3059.0,20.0,153.0,281.0,11.0,0.0,True,,4.4,14622.0,19.98,0.009009009009009009,0.0,4.0,Glad for Pets,3.075,"B08FXQJCJ7 (Glad for Pets Jumbo Activated Carbon Training Pads, 50 Count)",[],True,True,True,True,Waste Management,2203.0,B08FXQJCJ7,2026-03-17,6.15,0.0,2.0,222.0,0.0
In Stock,ACTIVE,0.424,2493.0,19.94,125.0,295.0,11.0,0.0,True,,4.4,14622.0,19.98,0.01544401544401544,0.0,4.0,Glad for Pets,5.005,"B08FXQJCJ7 (Glad for Pets Jumbo Activated Carbon Training Pads, 50 Count)",[],True,True,True,True,Waste Management,1991.0,B08FXQJCJ7,2026-03-16,20.02,0.0,4.0,259.0,0.0
In Stock,ACTIVE,0.429,2796.0,19.97,140.0,326.0,11.0,0.0,True,,4.4,14622.0,19.98,0.0625,0.0,4.0,Glad for Pets,5.77,"B08FXQJCJ7 (Glad for Pets Jumbo Activated Carbon Training Pads, 50 Count)",[],True,True,True,True,Waste Management,2021.0,B08FXQJCJ7,2026-03-15,5.77,0.0,1.0,16.0,0.0
In Stock,ACTIVE,0.544,2837.0,20.12,141.0,259.0,11.0,0.0,True,,4.4,14622.0,19.98,0.002207505518763797,0.0,4.0,Glad for Pets,8.17,"B08FXQJCJ7 (Glad for Pets Jumbo Activated Carbon Training Pads, 50 Count)",[],True,True,True,True,Waste Management,1846.0,B08FXQJCJ7,2026-03-14,8.17,0.0,1.0,453.0,0.0
In Stock,ACTIVE,0.465,2783.0,20.17,138.0,297.0,11.0,0.0,True,,4.4,14621.0,19.98,0.008130081300813009,0.0,4.0,Glad for Pets,3.185,"B08FXQJCJ7 (Glad for Pets Jumbo Activated Carbon Training Pads, 50 Count)",[],True,True,True,True,Waste Management,1885.0,B08FXQJCJ7,2026-03-13,6.37,0.0,2.0,246.0,0.0
In Stock,ACTIVE,0.523,3219.0,19.87,162.0,310.0,11.0,0.0,True,,4.4,14621.0,19.98,0.008241758241758242,0.0,4.0,Glad for Pets,5.243333333333333,"B08FXQJCJ7 (Glad for Pets Jumbo Activated Carbon Training Pads, 50 Count)",[],True,True,True,True,Waste Management,2505.0,B08FXQJCJ7,2026-03-12,15.73,0.0,3.0,364.0,0.0
